[INFO] Scanning for projects...
[INFO] 
[INFO] ------------------------< com.saas:automotriz >-------------------------
[INFO] Building automotriz 0.0.1-SNAPSHOT
[INFO]   from pom.xml
[INFO] --------------------------------[ jar ]---------------------------------
[INFO] 
[INFO] --- clean:3.4.1:clean (default-clean) @ automotriz ---
[INFO] Deleting C:\Users\usuario01\Documents\Practicas 3\Proyecto\saas-automotriz-fronted\bakend\target
[INFO] 
[INFO] --- resources:3.3.1:resources (default-resources) @ automotriz ---
[INFO] Copying 1 resource from src\main\resources to target\classes
[INFO] Copying 0 resource from src\main\resources to target\classes
[INFO] 
[INFO] --- compiler:3.14.1:compile (default-compile) @ automotriz ---
[INFO] Recompiling the module because of changed source code.
[INFO] Compiling 12 source files with javac [debug parameters release 17] to target\classes
[INFO] /C:/Users/usuario01/Documents/Practicas 3/Proyecto/saas-automotriz-fronted/bakend/src/main/java/com/saas/automotriz/security/SecurityConfig.java: C:\Users\usuario01\Documents\Practicas 3\Proyecto\saas-automotriz-fronted\bakend\src\main\java\com\saas\automotriz\security\SecurityConfig.java uses or overrides a deprecated API.
[INFO] /C:/Users/usuario01/Documents/Practicas 3/Proyecto/saas-automotriz-fronted/bakend/src/main/java/com/saas/automotriz/security/SecurityConfig.java: Recompile with -Xlint:deprecation for details.
[INFO] ------------------------------------------------------------------------
[INFO] BUILD SUCCESS
[INFO] ------------------------------------------------------------------------
[INFO] Total time:  11.075 s
[INFO] Finished at: 2026-03-14T22:14:53-05:00
[INFO] ------------------------------------------------------------------------
